[rosengroup.ca/index.html]
[backblue.gif]
[fade.gif]
[index.html]
[rosengroup.ca/wp-content/plugins/contact-form-7/includes/css/styles1eb7.css]
[rosengroup.ca/wp-content/plugins/translatepress-multilingual/assets/css/trp-language-switcherf342.css]
[rosengroup.ca/wp-content/themes/Divi/includes/builder/styles/images/preloader.gif]
[rosengroup.ca/comments/feed/index.html]
[rosengroup.ca/wp-content/themes/Divi/core/admin/fonts/fontawesome/fa-regular-400.eot]
[rosengroup.ca/wp-content/et-cache/2/et-divi-dynamic-tb-20-tb-46-2-late907b.css]
[rosengroup.ca/wp-content/themes/Divi/core/admin/fonts/modules/all/modules.eot]
[rosengroup.ca/feed/index.html]
[rosengroup.ca/wp-content/et-cache/2/et-divi-dynamic-tb-20-tb-46-2907b.css]
[rosengroup.ca/wp-content/plugins/supreme-modules-pro-for-divi/styles/style.minc8a8.css]
[rosengroup.ca/wp-content/plugins/divi-responsive-helper/includes/assets/public/css/style.min25b6.css]
[rosengroup.ca/wp-content/plugins/divi-responsive-helper/includes/assets/public/css/stacking.min25b6.css]
[rosengroup.ca/wp-content/plugins/divi-responsive-helper/includes/assets/public/css/column-numbering.min25b6.css]
[rosengroup.ca/wp-content/plugins/wpforms/assets/css/integrations/divi/choices.minf855.css]
[rosengroup.ca/wp-content/plugins/wpforms/assets/pro/css/integrations/divi/intl-tel-input.mind11f.css]
[rosengroup.ca/wp-content/plugins/wpforms/assets/pro/css/integrations/divi/richtext.min5d24.css]
[rosengroup.ca/wp-content/plugins/wpforms/assets/pro/css/integrations/divi/content.min5d24.css]
[rosengroup.ca/wp-content/plugins/wpforms/assets/pro/css/integrations/divi/wpforms-modern-full.min5d24.css]
[rosengroup.ca/wp-content/themes/Divi/includes/builder/feature/dynamic-assets/assets/css/magnific_popupc8a8.css]
[rosengroup.ca/wp-content/plugins/supreme-modules-pro-for-divi/public/css/swiperc8a8.css]
[rosengroup.ca/wp-content/plugins/supreme-modules-pro-for-divi/public/css/popupc8a8.css]
[rosengroup.ca/wp-content/plugins/supreme-modules-pro-for-divi/public/css/animatec8a8.css]
[rosengroup.ca/wp-content/plugins/supreme-modules-pro-for-divi/public/css/readmorec8a8.css]
[rosengroup.ca/wp-content/themes/Divi-Child/style41c1.css]
[rosengroup.ca/wp-content/plugins/gravityforms/css/formreset.min7973.css]
[rosengroup.ca/wp-content/plugins/gravityforms/css/formsmain.min7973.css]
[rosengroup.ca/wp-content/plugins/gravityforms/css/readyclass.min7973.css]
[rosengroup.ca/wp-content/plugins/gravityforms/css/browsers.min7973.css]
[rosengroup.ca/wp-json/wp/v2/pages/2.json]
[rosengroup.ca/wp-json/index.html]
[rosengroup.ca/xmlrpc0db0.php]
[rosengroup.ca/wp-json/oembed/1.0/embed3e97.json]
[rosengroup.ca/wp-json/oembed/1.0/embed1ec5]
[rosengroup.ca/wp-content/uploads/custom-css-js/30c47e.css]
[rosengroup.ca/wp-content/et-cache/2/et-core-unified-tb-20-tb-46-deferred-2.mina5e0.css]
[rosengroup.ca/wp-content/plugins/divi-overlays/assets/img/divilife-loader.svg]
[rosengroup.ca/wp-content/uploads/2022/02/Rosen-Group-logo-gold.png]
[rosengroup.ca/wp-content/uploads/2021/09/header-video_3.mp4]
[rosengroup.ca/wp-content/uploads/2021/08/icons_doctors.png]
[rosengroup.ca/fr/index.html]
[rosengroup.ca/wp-content/uploads/2021/08/dentists.png]
[rosengroup.ca/contact-us/index.html]
[rosengroup.ca/wp-content/uploads/2021/08/business-owners.png]
[rosengroup.ca/our-clients/index.html]
[rosengroup.ca/about-us/index.html]
[rosengroup.ca/wp-content/uploads/2022/02/lewis-rosen_new.png]
[rosengroup.ca/wp-content/uploads/2022/02/christine-cao_new.png]
[rosengroup.ca/wp-content/uploads/2022/02/andrew-stulberg_new.png]
[rosengroup.ca/wp-content/uploads/2024/11/Philippe-Capelle_headshot-1.png]
[rosengroup.ca/wp-content/uploads/2022/02/trevor-parry_new.png]
[rosengroup.ca/wp-content/uploads/2024/06/rosie-leblanc_headshot_2.png]
[rosengroup.ca/dental-professionals/index.html]
[rosengroup.ca/doctors/index.html]
[rosengroup.ca/wp-content/uploads/2022/02/thanh-truong_new-2.png]
[rosengroup.ca/wp-content/uploads/2024/07/Tone_Deborah_2720_5x5_4.png]
[rosengroup.ca/wealthy-families/index.html]
[rosengroup.ca/our-custodian/index.html]
[rosengroup.ca/client-contact-us/index.html]
[rosengroup.ca/wp-content/uploads/2022/02/frank-rosen_new.png]
[rosengroup.ca/wp-content/uploads/2024/06/Sarah-Rosenberg_headshot_sm.png]
[rosengroup.ca/wp-content/uploads/2021/09/remembering-jim.jpg]
[rosengroup.ca/wp-content/uploads/2022/03/cta-footer-background-paralax_2.jpg]
[rosengroup.ca/wp-content/uploads/2022/02/RJ_Correspondent-Services-Black.png]
[rosengroup.ca/wp-content/uploads/2022/02/Rosen-Group-logo-white.png]
[rosengroup.ca/team/index.html]
[rosengroup.ca/client-advisory-board/index.html]
[rosengroup.ca/Lorem ipsum dolor sit amet, consectetur adipiscing elit. Praesent ornare, orci sit amet accumsan ornare, metus diam varius sem]
[rosengroup.ca/our-process/index.html]
[rosengroup.ca/services/index.html]
[rosengroup.ca/strength-and-security/index.html]
[rosengroup.ca/bill-of-rights/index.html]
[rosengroup.ca/wp-content/plugins/divi-overlays/assets/css/animate.min0235.css]
[rosengroup.ca/wp-content/plugins/divi-overlays/assets/css/custom_animationsc8b1.css]
[rosengroup.ca/wp-content/plugins/divi-overlays/assets/css/stylec8b1.css]
[rosengroup.ca/wp-includes/js/mediaelement/mediaelementplayer-legacy.min1f61.css]
[rosengroup.ca/wp-includes/js/mediaelement/wp-mediaelement.min9704.css]
[rosengroup.ca/wp-includes/js/dist/hooks.min4fdd.js]
[rosengroup.ca/events/index.html]
[rosengroup.ca/wp-includes/js/dist/i18n.minc33c.js]
[rosengroup.ca/client-referrals/index.html]
[rosengroup.ca/wp-content/plugins/contact-form-7/includes/swv/js/index1eb7.js]
[rosengroup.ca/book-a-meeting/index.html]
[rosengroup.ca/media-news/index.html]
[rosengroup.ca/frequently-asked-questions/index.html]
[rosengroup.ca/wp-content/plugins/contact-form-7/includes/js/index1eb7.js]
[rosengroup.ca/wp-includes/js/jquery/jquery.minf43b.js]
[rosengroup.ca/wp-includes/js/jquery/jquery-migrate.min5589.js]
[rosengroup.ca/wp-content/themes/Divi/js/scripts.min41c1.js]
[rosengroup.ca/wp-content/themes/Divi/includes/builder/feature/dynamic-assets/assets/js/jquery.fitvids41c1.js]
[rosengroup.ca/wp-content/plugins/page-links-to/dist/new-tab7433.js]
[rosengroup.ca/disclaimers/index.html]
[rosengroup.ca/wp-content/themes/Divi/core/admin/js/common41c1.js]
[www.google.com/recaptcha/api5b6c.js]
[rosengroup.ca/wp-includes/js/dist/vendor/wp-polyfill.min2c7c.js]
[rosengroup.ca/wp-content/plugins/contact-form-7/modules/recaptcha/index1eb7.js]
[rosengroup.ca/wp-content/plugins/divi-overlays/assets/js/jquery.exitintentc8b1.js]
[rosengroup.ca/wp-content/plugins/divi-overlays/assets/js/customc8b1.js]
[rosengroup.ca/wp-content/plugins/supreme-modules-pro-for-divi/includes/modules/Menu/frontend.minc8a8.js]
[rosengroup.ca/wp-includes/js/mediaelement/mediaelement-and-player.min1f61.js]
[rosengroup.ca/wp-includes/js/mediaelement/mediaelement-migrate.min9704.js]
[rosengroup.ca/wp-includes/js/mediaelement/wp-mediaelement.min9704.js]
[rosengroup.ca/wp-content/plugins/supreme-modules-pro-for-divi/public/js/swiper-bundle.minc8a8.js]
[rosengroup.ca/wp-content/plugins/supreme-modules-pro-for-divi/includes/modules/CardCarousel/frontend.minc8a8.js]
[rosengroup.ca/wp-content/plugins/supreme-modules-pro-for-divi/public/js/typed.minc8a8.js]
[rosengroup.ca/wp-content/plugins/supreme-modules-pro-for-divi/includes/modules/TypingEffect/frontend.minc8a8.js]
[rosengroup.ca/index.html]
[rosengroup.ca/xmlrpc.php]
[rosengroup.ca/wp-content/plugins/contact-form-7/includes/css/styles1eb7.css]
[rosengroup.ca/wp-content/themes/Divi/includes/builder/feature/dynamic-assets/assets/js/sticky-elements41c1.js]
[rosengroup.ca/wp-content/plugins/translatepress-multilingual/assets/css/trp-language-switcherf342.css]
[rosengroup.ca/wp-content/plugins/translatepress-multilingual/assets/images/arrow-down-3101.svg]
[rosengroup.ca/wp-content/et-cache/2/et-divi-dynamic-tb-20-tb-46-2-late907b.css]
[rosengroup.ca/wp-content/et-cache/2/et-divi-dynamic-tb-20-tb-46-2907b.css]
[rosengroup.ca/wp-content/plugins/supreme-modules-pro-for-divi/styles/style.minc8a8.css]
[rosengroup.ca/wp-content/plugins/divi-responsive-helper/includes/assets/public/css/style.min25b6.css]
[rosengroup.ca/wp-content/plugins/divi-responsive-helper/includes/assets/public/css/stacking.min25b6.css]
[rosengroup.ca/wp-content/plugins/divi-responsive-helper/includes/assets/public/css/column-numbering.min25b6.css]
[rosengroup.ca/wp-content/plugins/wpforms/assets/css/integrations/images/cross-inverse.svg]
[rosengroup.ca/wp-content/plugins/wpforms/assets/css/integrations/images/cross.svg]
[rosengroup.ca/wp-content/plugins/wpforms/assets/images/cross.svg]
[rosengroup.ca/wp-content/plugins/wpforms/assets/css/integrations/divi/choices.minf855.css]
[rosengroup.ca/wp-content/plugins/wpforms/assets/images/cross-inverse.svg]
[rosengroup.ca/wp-content/plugins/wpforms/assets/pro/css/integrations/img/flagsc4ca.png]
[rosengroup.ca/wp-content/plugins/wpforms/assets/pro/css/integrations/img/flags@2xc4ca.png]
[rosengroup.ca/wp-content/plugins/wpforms/assets/pro/css/integrations/img/globe.png]
[rosengroup.ca/wp-content/plugins/wpforms/assets/pro/css/integrations/img/globe@2x.png]
[rosengroup.ca/wp-content/plugins/wpforms/assets/pro/images/vendor/intl-tel-input-flagsc4ca.png]
[rosengroup.ca/wp-content/plugins/wpforms/assets/pro/images/vendor/intl-tel-input-flags@2xc4ca.png]
[rosengroup.ca/wp-content/plugins/wpforms/assets/pro/images/vendor/intl-tel-input-globec4ca.png]
[rosengroup.ca/wp-content/plugins/wpforms/assets/pro/images/vendor/intl-tel-input-globe@2xc4ca.png]
[rosengroup.ca/wp-content/plugins/wpforms/assets/pro/images/vendor/intl-tel-input-flags@2x.png]
[rosengroup.ca/wp-content/plugins/wpforms/assets/pro/images/vendor/intl-tel-input-flags.png]
[rosengroup.ca/wp-content/plugins/wpforms/assets/pro/css/integrations/divi/intl-tel-input.mind11f.css]
[rosengroup.ca/wp-content/plugins/wpforms/assets/pro/images/richtext/tinymce-toolbar-full.png]
[rosengroup.ca/wp-content/plugins/wpforms/assets/pro/images/richtext/tinymce-toolbar-basic.png]
[rosengroup.ca/wp-content/plugins/wpforms/assets/pro/images/richtext/tinymce-toolbar-basic-mb.png]
[rosengroup.ca/wp-content/plugins/wpforms/assets/pro/images/richtext/tinymce-toolbar-full-mb.png]
[rosengroup.ca/wp-content/plugins/wpforms/assets/pro/css/integrations/divi/richtext.min5d24.css]
[rosengroup.ca/wp-content/plugins/wpforms/assets/pro/css/integrations/divi/content.min5d24.css]
[rosengroup.ca/wp-content/plugins/wpforms/assets/pro/images/times-solid-white.svg]
[rosengroup.ca/wp-content/plugins/wpforms/assets/pro/images/phone/us-flag.png]
[rosengroup.ca/wp-content/plugins/wpforms/assets/pro/css/integrations/divi/wpforms-modern-full.min5d24.css]
[rosengroup.ca/wp-content/themes/Divi/includes/builder/feature/dynamic-assets/assets/css/magnific_popupc8a8.css]
[rosengroup.ca/wp-content/plugins/supreme-modules-pro-for-divi/public/css/swiperc8a8.css]
[rosengroup.ca/wp-content/plugins/supreme-modules-pro-for-divi/public/css/popupc8a8.css]
[rosengroup.ca/wp-content/plugins/supreme-modules-pro-for-divi/public/css/animatec8a8.css]
[rosengroup.ca/wp-content/plugins/supreme-modules-pro-for-divi/public/css/readmorec8a8.css]
[rosengroup.ca/wp-content/themes/Divi-Child/style41c1.css]
[rosengroup.ca/wp-content/plugins/gravityforms/css/formreset.min7973.css]
[rosengroup.ca/wp-content/plugins/gravityforms/images/gf-creditcard-icons.svg]
[rosengroup.ca/wp-content/plugins/gravityforms/css/chosen-sprite.png]
[rosengroup.ca/wp-content/plugins/gravityforms/css/chosen-sprite@2x.png]
[rosengroup.ca/wp-content/plugins/gravityforms/css/formsmain.min7973.css]
[rosengroup.ca/wp-content/plugins/gravityforms/css/readyclass.min7973.css]
[rosengroup.ca/wp-content/plugins/gravityforms/css/browsers.min7973.css]
[rosengroup.ca/wp-content/uploads/custom-css-js/30c47e.css]
[rosengroup.ca/fr/wp-json/wp/v2/pages/2.json]
[rosengroup.ca/fr/feed/index.html]
[rosengroup.ca/fr/comments/feed/index.html]
[rosengroup.ca/fr/wp-json/index.html]
[rosengroup.ca/fr/wp-json/oembed/1.0/embed2e80.json]
[rosengroup.ca/fr/wp-json/oembed/1.0/embed6edf]
[rosengroup.ca/wp-content/uploads/2024/08/groupe-rosen-logo.png]
[rosengroup.ca/wp-content/uploads/2024/09/RJ_Correspondent-Services_REV_Black_BG_fr_Jan2017.png]
[rosengroup.ca/wp-content/uploads/2024/08/Transparent-PNG.png]
[rosengroup.ca/fr/index.html]
[www.googletagmanager.com/gtm5445.html]
[rosengroup.ca/wp-content/plugins/translatepress-multilingual/assets/js/trp-translate-dom-changesf342.js]
[rosengroup.ca/wp-content/et-cache/2/et-core-unified-tb-20-tb-46-deferred-2.mina5e0.css]
[rosengroup.ca/fr/about-us/index.html]
[rosengroup.ca/fr/contact-us/index.html]
[rosengroup.ca/wp-content/plugins/divi-overlays/assets/img/divilife-loader.svg]
[rosengroup.ca/fr/our-clients/index.html]
[rosengroup.ca/fr/wealthy-families/index.html]
[rosengroup.ca/fr/dental-professionals/index.html]
[rosengroup.ca/fr/doctors/index.html]
[rosengroup.ca/fr/client-contact-us/index.html]
[rosengroup.ca/wp-json/wp/v2/pages/10287.json]
[rosengroup.ca/fr/our-custodian/index.html]
[rosengroup.ca/fr/client-advisory-board/index.html]
[rosengroup.ca/fr/team/index.html]
[rosengroup.ca/wp-json/oembed/1.0/embedab46.json]
[rosengroup.ca/fr/services/index.html]
[rosengroup.ca/fr/strength-and-security/index.html]
[rosengroup.ca/wp-json/oembed/1.0/embed75db]
[rosengroup.ca/fr/our-process/index.html]
[rosengroup.ca/fr/bill-of-rights/index.html]
[rosengroup.ca/fr/events/index.html]
[rosengroup.ca/fr/media-news/index.html]
[rosengroup.ca/about-us/Lorem ipsum dolor sit amet, consectetur adipiscing elit. Praesent ornare, orci sit amet accumsan ornare, metus diam varius sem]
[rosengroup.ca/fr/client-referrals/index.html]
[rosengroup.ca/fr/frequently-asked-questions/index.html]
[rosengroup.ca/fr/disclaimers/index.html]
[rosengroup.ca/fr/book-a-meeting/index.html]
[rosengroup.ca/wp-content/uploads/2021/09/advisory-team-working-together.jpg]
[rosengroup.ca/about-us/index.html]
[rosengroup.ca/wp-content/et-cache/388/et-divi-dynamic-tb-20-tb-46-388-late0f77.css]
[rosengroup.ca/fr/Lorem ipsum dolor sit amet, consectetur adipiscing elit. Praesent ornare, orci sit amet accumsan ornare, metus diam varius sem/index.html]
[rosengroup.ca/wp-json/wp/v2/pages/388.json]
[rosengroup.ca/wp-json/oembed/1.0/embedc767.json]
[rosengroup.ca/wp-json/oembed/1.0/embedf025]
[rosengroup.ca/wp-content/et-cache/388/et-core-unified-tb-20-tb-46-deferred-388.min0f77.css]
[rosengroup.ca/contact-us/Lorem ipsum dolor sit amet, consectetur adipiscing elit. Praesent ornare, orci sit amet accumsan ornare, metus diam varius sem]
[rosengroup.ca/wp-content/plugins/supreme-modules-pro-for-divi/includes/modules/ContactForm7/frontend.minc8a8.js]
[rosengroup.ca/contact-us/index.html]
[rosengroup.ca/wp-content/plugins/akismet/_inc/akismet-frontenda93f.js]
[rosengroup.ca/wp-json/wp/v2/pages/223.json]
[rosengroup.ca/wp-json/oembed/1.0/embedf0c0.json]
[rosengroup.ca/wp-json/oembed/1.0/embed4bc2]
[rosengroup.ca/our-clients/Lorem ipsum dolor sit amet, consectetur adipiscing elit. Praesent ornare, orci sit amet accumsan ornare, metus diam varius sem]
[rosengroup.ca/wp-content/uploads/2022/03/doctors-header-bg.jpg]
[rosengroup.ca/our-clients/index.html]
[rosengroup.ca/wp-content/et-cache/377/et-divi-dynamic-tb-20-tb-46-3777e9c.css]
[rosengroup.ca/wp-json/wp/v2/pages/377.json]
[rosengroup.ca/wp-json/oembed/1.0/embed1909.json]
[rosengroup.ca/wp-json/oembed/1.0/embed25d1]
[rosengroup.ca/wp-content/uploads/2022/01/doctor-at-desk-with-papers.jpg]
[rosengroup.ca/wp-content/uploads/2022/01/wealth-advisor-for-doctors.jpg]
[rosengroup.ca/wp-content/uploads/2025/01/comprehensive-financial-planning.jpg]
[rosengroup.ca/wp-content/uploads/2022/01/doctors-office-waiting-room.jpg]
[rosengroup.ca/wp-content/uploads/2022/01/icon_hand-shake.png]
[rosengroup.ca/wp-content/uploads/2022/02/icon_checklist.png]
[rosengroup.ca/wp-content/uploads/2022/01/icon_close.png]
[rosengroup.ca/wp-content/uploads/2022/01/icon_doctor.png]
[rosengroup.ca/doctors/Lorem ipsum dolor sit amet, consectetur adipiscing elit. Praesent ornare, orci sit amet accumsan ornare, metus diam varius sem]
[rosengroup.ca/wp-content/themes/Divi/core/admin/js/es6-promise.auto.min41c1.js]
[www.google.com/recaptcha/apid251.js]
[rosengroup.ca/wp-content/themes/Divi/core/admin/js/recaptcha41c1.js]
[rosengroup.ca/wp-content/themes/Divi/includes/builder/feature/dynamic-assets/assets/js/easypiechart41c1.js]
[rosengroup.ca/wp-content/uploads/2022/03/doctor_header-bg.jpg]
[rosengroup.ca/doctors/index.html]
[rosengroup.ca/wp-content/et-cache/383/et-divi-dynamic-tb-20-tb-46-3837e9c.css]
[rosengroup.ca/wp-json/wp/v2/pages/383.json]
[rosengroup.ca/wp-json/oembed/1.0/embed8cad.json]
[rosengroup.ca/wp-json/oembed/1.0/embedc790]
[rosengroup.ca/wp-content/uploads/2022/02/dentist-office-interior-waiting-room.jpg]
[rosengroup.ca/wp-content/uploads/2022/02/financial-planning-for-dentists.jpg]
[rosengroup.ca/wp-content/uploads/2022/02/icon_hand-shake.png]
[rosengroup.ca/wp-content/uploads/2022/02/icon_dentist-chair.png]
[rosengroup.ca/dental-professionals/Lorem ipsum dolor sit amet, consectetur adipiscing elit. Praesent ornare, orci sit amet accumsan ornare, metus diam varius sem]
[rosengroup.ca/wp-content/uploads/2022/03/dentist_header-bg.jpg]
[rosengroup.ca/dental-professionals/index.html]
[rosengroup.ca/wp-json/wp/v2/pages/458.json]
[rosengroup.ca/wp-json/oembed/1.0/embed4d72.json]
[rosengroup.ca/wp-json/oembed/1.0/embedb1a4]
[rosengroup.ca/wp-content/uploads/2022/02/your-family_wealth-management_new.jpg]
[rosengroup.ca/wealthy-families/Lorem ipsum dolor sit amet, consectetur adipiscing elit. Praesent ornare, orci sit amet accumsan ornare, metus diam varius sem]
[rosengroup.ca/wp-content/themes/Divi/includes/builder/feature/dynamic-assets/assets/js/magnific-popup41c1.js]
[rosengroup.ca/wp-content/uploads/2022/03/wealthy-families-header-bg.jpg]
[rosengroup.ca/wealthy-families/index.html]
[rosengroup.ca/wp-content/et-cache/3132/et-divi-dynamic-tb-20-tb-46-3132-latebc84.css]
[rosengroup.ca/wp-json/wp/v2/pages/3132.json]
[rosengroup.ca/wp-json/oembed/1.0/embed5709.json]
[rosengroup.ca/wp-json/oembed/1.0/embedac9e]
[rosengroup.ca/wp-content/et-cache/3132/et-core-unified-tb-20-tb-46-deferred-3132.minbc84.css]
[rosengroup.ca/client-contact-us/Lorem ipsum dolor sit amet, consectetur adipiscing elit. Praesent ornare, orci sit amet accumsan ornare, metus diam varius sem]
[rosengroup.ca/client-contact-us/index.html]
[rosengroup.ca/wp-content/et-cache/10177/et-divi-dynamic-tb-20-tb-46-10177-late8f4c.css]
[rosengroup.ca/wp-json/wp/v2/pages/10177.json]
[rosengroup.ca/wp-json/oembed/1.0/embed9d7c.json]
[rosengroup.ca/wp-json/oembed/1.0/embedb092]
[rosengroup.ca/wp-content/uploads/2022/03/security-header-bg.jpg]
[rosengroup.ca/wp-content/et-cache/10177/et-core-unified-tb-20-tb-46-deferred-10177.min8f4c.css]
[rosengroup.ca/wp-content/uploads/2022/02/raymond-james-logo-white.jpg]
[rosengroup.ca/our-custodian/Lorem ipsum dolor sit amet, consectetur adipiscing elit. Praesent ornare, orci sit amet accumsan ornare, metus diam varius sem]
[rosengroup.ca/our-custodian/index.html]
[rosengroup.ca/wp-json/wp/v2/pages/289.json]
[rosengroup.ca/wp-json/oembed/1.0/embed2e70.json]
[rosengroup.ca/wp-json/oembed/1.0/embedd668]
[rosengroup.ca/team/Lorem ipsum dolor sit amet, consectetur adipiscing elit. Praesent ornare, orci sit amet accumsan ornare, metus diam varius sem]
[rosengroup.ca/team/lewis-rosen/index.html]
[rosengroup.ca/team/christine-cao/index.html]
[rosengroup.ca/team/index.html]
[rosengroup.ca/team/philippe-capelle/index.html]
[rosengroup.ca/team/andrew-stulberg/index.html]
[rosengroup.ca/team/trevor-parry/index.html]
[rosengroup.ca/team/rosie-leblanc/index.html]
[rosengroup.ca/team/thanh-truong/index.html]
[rosengroup.ca/wp-json/wp/v2/pages/1344.json]
[rosengroup.ca/team/frank-rosen/index.html]
[rosengroup.ca/team/deborah-tone/index.html]
[rosengroup.ca/team/sarah-rosenberg/index.html]
[rosengroup.ca/wp-json/oembed/1.0/embed7cbe.json]
[rosengroup.ca/wp-json/oembed/1.0/embedae2e]
[rosengroup.ca/client-advisory-board/Lorem ipsum dolor sit amet, consectetur adipiscing elit. Praesent ornare, orci sit amet accumsan ornare, metus diam varius sem]
[rosengroup.ca/wp-content/uploads/2022/06/group-of-board-members-around-table_2.jpg]
[rosengroup.ca/client-advisory-board/index.html]
[rosengroup.ca/wp-content/et-cache/800/et-divi-dynamic-tb-20-tb-46-8002dfd.css]
[rosengroup.ca/wp-json/wp/v2/pages/800.json]
[rosengroup.ca/wp-json/oembed/1.0/embedb34a.json]
[rosengroup.ca/wp-json/oembed/1.0/embed4038]
[rosengroup.ca/wp-content/uploads/2022/02/man-on-phone-with-wealth-advisor.jpg]
[rosengroup.ca/wp-content/uploads/2022/02/modern-board-room.jpg]
[rosengroup.ca/wp-content/uploads/2022/02/icon_family-office.png]
[rosengroup.ca/services/Lorem ipsum dolor sit amet, consectetur adipiscing elit. Praesent ornare, orci sit amet accumsan ornare, metus diam varius sem]
[rosengroup.ca/wp-content/uploads/2022/03/services-header-bg.jpg]
[rosengroup.ca/services/index.html]
[rosengroup.ca/wp-json/wp/v2/pages/427.json]
[rosengroup.ca/wp-json/oembed/1.0/embed333f.json]
[rosengroup.ca/wp-json/oembed/1.0/embeddc05]
[rosengroup.ca/our-process/Lorem ipsum dolor sit amet, consectetur adipiscing elit. Praesent ornare, orci sit amet accumsan ornare, metus diam varius sem]
[rosengroup.ca/wp-content/uploads/2022/03/process-header-bg.jpg]
[rosengroup.ca/our-process/index.html]
[rosengroup.ca/wp-json/wp/v2/pages/10328.json]
[rosengroup.ca/wp-json/oembed/1.0/embed0afe.json]
[rosengroup.ca/wp-json/oembed/1.0/embed2107]
[rosengroup.ca/strength-and-security/Lorem ipsum dolor sit amet, consectetur adipiscing elit. Praesent ornare, orci sit amet accumsan ornare, metus diam varius sem]
[rosengroup.ca/wp-content/uploads/2022/03/bill-of-rights-header-bg.jpg]
[rosengroup.ca/strength-and-security/index.html]
[rosengroup.ca/wp-json/wp/v2/pages/435.json]
[rosengroup.ca/wp-json/oembed/1.0/embedee71.json]
[rosengroup.ca/wp-json/oembed/1.0/embeda869]
[rosengroup.ca/bill-of-rights/Lorem ipsum dolor sit amet, consectetur adipiscing elit. Praesent ornare, orci sit amet accumsan ornare, metus diam varius sem]
[rosengroup.ca/bill-of-rights/index.html]
[rosengroup.ca/wp-content/plugins/wpforms/assets/pro/css/integrations/divi/dropzone.min7404.css]
[rosengroup.ca/wp-content/plugins/wpforms-surveys-polls/assets/css/wpforms-surveys-polls.mine57b.css]
[rosengroup.ca/wp-content/plugins/wpforms-save-resume/assets/css/wpforms-save-resume.min4d85.css]
[rosengroup.ca/wp-content/plugins/wpforms/assets/css/frontend/modern/wpforms-full.min5d24.css]
[rosengroup.ca/wp-content/plugins/wpforms/assets/pro/css/frontend/modern/wpforms-full.min5d24.css]
[rosengroup.ca/wp-content/et-cache/527/et-divi-dynamic-tb-20-tb-46-527-late8efd.css]
[rosengroup.ca/wp-content/et-cache/527/et-divi-dynamic-tb-20-tb-46-5278efd.css]
[rosengroup.ca/wp-json/wp/v2/pages/527.json]
[rosengroup.ca/wp-json/oembed/1.0/embed1782.json]
[rosengroup.ca/wp-json/oembed/1.0/embed4db2]
[rosengroup.ca/wp-content/uploads/2021/11/group-of-doctors-at-conference-event-2.jpg]
[rosengroup.ca/wp-content/et-cache/527/et-core-unified-tb-20-tb-46-deferred-527.minb156.css]
[rosengroup.ca/wp-content/uploads/2021/11/lewis-rosen_and_kevin-oleary.jpg]
[rosengroup.ca/wp-content/uploads/2021/11/lewis-rosen_and_joseph-schwarcz.jpg]
[rosengroup.ca/wp-content/uploads/2024/08/Groupe_Grandio_The_iconic_Moishes_steakhouse_is_reborn_through_t.jpg]
[rosengroup.ca/wp-content/uploads/2023/07/rib-n-beef-logo.png]
[rosengroup.ca/wp-content/uploads/2023/08/The-ONE-Restaurant-logo.jpg]
[rosengroup.ca/wp-content/uploads/2025/01/Mortons-logo.png]
[rosengroup.ca/wp-content/uploads/2024/12/header-mobile2-451x118-640w.png]
[rosengroup.ca/wp-content/uploads/2024/12/Cucci-logo.jpg]
[rosengroup.ca/wp-content/uploads/2024/12/olivers-steakhouse-logo.png]
[rosengroup.ca/wp-content/plugins/wpforms/assets/images/submit-spin.svg]
[rosengroup.ca/events/Lorem ipsum dolor sit amet, consectetur adipiscing elit. Praesent ornare, orci sit amet accumsan ornare, metus diam varius sem]
[rosengroup.ca/wp-content/plugins/wpforms/assets/pro/css/fields/layout.min5d24.css]
[rosengroup.ca/wp-content/plugins/wpforms/assets/pro/css/fields/layout-screen-big.min5d24.css]
[rosengroup.ca/book-a-meeting/oakville-non-clients/index.html]
[rosengroup.ca/book-a-meeting/yorkville-non-clients/index.html]
[rosengroup.ca/book-a-meeting/pointe-claire-non-clients/index.html]
[rosengroup.ca/wp-content/plugins/wpforms/assets/pro/css/fields/layout-screen-small.min5d24.css]
[rosengroup.ca/wp-content/plugins/wpforms-calculations/assets/js/frontend/frontend.min330a.js]
[rosengroup.ca/wp-content/plugins/wpforms/assets/pro/lib/intl-tel-input/module.intl-tel-input.mind11f.js]
[rosengroup.ca/wp-content/plugins/wpforms/assets/lib/jquery.validate.min3c17.js]
[rosengroup.ca/wp-content/plugins/wpforms/assets/lib/jquery.inputmask.mind6ea.js]
[rosengroup.ca/wp-content/plugins/wpforms/assets/lib/mailcheck.mincfa9.js]
[rosengroup.ca/wp-content/plugins/wpforms/assets/lib/punycode.min8a54.js]
[rosengroup.ca/wp-content/plugins/wpforms/assets/js/share/utils.min5d24.js]
[rosengroup.ca/wp-content/plugins/wpforms/assets/js/frontend/wpforms.min5d24.js]
[rosengroup.ca/events/index.html]
[rosengroup.ca/wp-content/plugins/wpforms/assets/js/frontend/wpforms-modern.min5d24.js]
[rosengroup.ca/wp-content/et-cache/233/et-divi-dynamic-tb-20-tb-46-2336c02.css]
[rosengroup.ca/wp-json/wp/v2/pages/233.json]
[rosengroup.ca/wp-json/oembed/1.0/embed2638.json]
[rosengroup.ca/wp-json/oembed/1.0/embed2656]
[rosengroup.ca/wp-content/uploads/2022/01/cjad-logo.jpg]
[rosengroup.ca/wp-content/uploads/2022/01/Montreal_gazette_logo.png]
[rosengroup.ca/media-news/Lorem ipsum dolor sit amet, consectetur adipiscing elit. Praesent ornare, orci sit amet accumsan ornare, metus diam varius sem]
[rosengroup.ca/wp-content/uploads/2021/09/smart-money-with-lewis-rosen_banner.jpg]
[rosengroup.ca/media-news/index.html]
[rosengroup.ca/wp-json/wp/v2/pages/419.json]
[rosengroup.ca/wp-json/oembed/1.0/embed172f.json]
[rosengroup.ca/wp-json/oembed/1.0/embed5c41]
[rosengroup.ca/client-referrals/Lorem ipsum dolor sit amet, consectetur adipiscing elit. Praesent ornare, orci sit amet accumsan ornare, metus diam varius sem]
[rosengroup.ca/client-referrals/index.html]
[rosengroup.ca/wp-json/wp/v2/pages/3528.json]
[rosengroup.ca/wp-json/oembed/1.0/embed4da1.json]
[rosengroup.ca/wp-json/oembed/1.0/embed4b03]
[rosengroup.ca/cdn-cgi/l/email-protection.html]
[rosengroup.ca/wp-content/uploads/2022/11/How-to-Sign-up-for-Online-Access-Client-Access-Site-RJCS.pdf]
[rosengroup.ca/frequently-asked-questions/Lorem ipsum dolor sit amet, consectetur adipiscing elit. Praesent ornare, orci sit amet accumsan ornare, metus diam varius sem]
[rosengroup.ca/frequently-asked-questions/index.html]
[rosengroup.ca/cdn-cgi/scripts/5c5dd728/cloudflare-static/email-decode.min.js]
[rosengroup.ca/wp-content/et-cache/587/et-divi-dynamic-tb-20-tb-46-587-late056a.css]
[rosengroup.ca/wp-json/wp/v2/pages/587.json]
[rosengroup.ca/wp-json/oembed/1.0/embed1c0a.json]
[rosengroup.ca/wp-json/oembed/1.0/embed9981]
[rosengroup.ca/wp-content/uploads/2021/11/consultant-meeting-with-clients.jpg]
[rosengroup.ca/wp-content/et-cache/587/et-core-unified-tb-20-tb-46-deferred-587.min056a.css]
[rosengroup.ca/book-a-meeting/Lorem ipsum dolor sit amet, consectetur adipiscing elit. Praesent ornare, orci sit amet accumsan ornare, metus diam varius sem]
[rosengroup.ca/book-a-meeting/index.html]
[rosengroup.ca/book-a-meeting/yorkville-clients/index.html]
[rosengroup.ca/book-a-meeting/oakville-clients/index.html]
[rosengroup.ca/book-a-meeting/pointe-claire-clients/index.html]
[rosengroup.ca/wp-json/wp/v2/pages/443.json]
[rosengroup.ca/wp-json/oembed/1.0/embedcee7.json]
[rosengroup.ca/wp-json/oembed/1.0/embed5737]
[rosengroup.ca/disclaimers/Lorem ipsum dolor sit amet, consectetur adipiscing elit. Praesent ornare, orci sit amet accumsan ornare, metus diam varius sem]
[rosengroup.ca/wp-content/uploads/2022/03/disclaimers_header-bg.jpg]
[rosengroup.ca/disclaimers/index.html]
[rosengroup.ca/Lorem ipsum dolor sit amet, consectetur adipiscing elit.html]
[rosengroup.ca/wp-content/plugins/divi-overlays/assets/css/animate.min0235.css]
[rosengroup.ca/wp-content/plugins/divi-overlays/assets/css/custom_animationsc8b1.css]
[rosengroup.ca/wp-content/plugins/divi-overlays/assets/css/stylec8b1.css]
[rosengroup.ca/wp-includes/js/mediaelement/mediaelementplayer-legacy.min1f61.css]
[rosengroup.ca/wp-includes/js/mediaelement/wp-mediaelement.min9704.css]
[rosengroup.ca/wp-content/plugins/translatepress-multilingual/assets/images/arrow-down-3101.svg]
[rosengroup.ca/wp-content/plugins/wpforms/assets/css/integrations/images/cross-inverse.html]
[rosengroup.ca/wp-content/plugins/wpforms/assets/css/integrations/images/cross.html]
[rosengroup.ca/wp-content/plugins/wpforms/assets/images/cross.svg]
[rosengroup.ca/wp-content/plugins/wpforms/assets/images/cross-inverse.svg]
[rosengroup.ca/wp-content/plugins/wpforms/assets/pro/css/integrations/img/flagsc4ca.html]
[rosengroup.ca/wp-content/plugins/wpforms/assets/pro/css/integrations/img/flags@2xc4ca.html]
[rosengroup.ca/wp-content/plugins/wpforms/assets/pro/css/integrations/img/globe.html]
[rosengroup.ca/wp-content/plugins/wpforms/assets/pro/css/integrations/img/globe@2x.html]
[rosengroup.ca/wp-content/plugins/wpforms/assets/pro/images/times-solid-white.svg]
[rosengroup.ca/wp-content/plugins/gravityforms/images/gf-creditcard-icons.svg]
[rosengroup.ca/wp-includes/js/mediaelement/mejs-controls.svg]
[rosengroup.ca/wp-content/et-cache/10287/et-divi-dynamic-tb-20-tb-46-10287-late8673.css]
[rosengroup.ca/fr/wp-json/wp/v2/pages/10287.json]
[rosengroup.ca/fr/wp-json/oembed/1.0/embedcd34.json]
[rosengroup.ca/fr/wp-json/oembed/1.0/embeddc90]
[rosengroup.ca/fr/about-us/index.html]
[rosengroup.ca/wp-content/et-cache/10287/et-core-unified-tb-20-tb-46-deferred-10287.min8673.css]
[rosengroup.ca/fr/wp-json/wp/v2/pages/388.json]
[rosengroup.ca/fr/wp-json/oembed/1.0/embed70f7.json]
[rosengroup.ca/fr/contact-us/index.html]
[rosengroup.ca/fr/wp-json/oembed/1.0/embed9b31]
[rosengroup.ca/wp-content/et-cache/223/et-divi-dynamic-tb-20-tb-46-223-late8673.css]
[rosengroup.ca/fr/wp-json/wp/v2/pages/223.json]
[rosengroup.ca/fr/wp-json/oembed/1.0/embed0db1.json]
[rosengroup.ca/fr/wp-json/oembed/1.0/embed955e]
[rosengroup.ca/fr/our-clients/index.html]
[rosengroup.ca/wp-content/et-cache/223/et-core-unified-tb-20-tb-46-deferred-223.min8673.css]
[rosengroup.ca/wp-content/et-cache/377/et-divi-dynamic-tb-20-tb-46-377-late7e9c.css]
[rosengroup.ca/fr/wp-json/wp/v2/pages/377.json]
[rosengroup.ca/fr/wp-json/oembed/1.0/embed1b83.json]
[rosengroup.ca/fr/wp-json/oembed/1.0/embed8798]
[rosengroup.ca/fr/doctors/index.html]
[rosengroup.ca/wp-content/et-cache/377/et-core-unified-tb-20-tb-46-deferred-377.min94fc.css]
[rosengroup.ca/wp-content/et-cache/383/et-divi-dynamic-tb-20-tb-46-383-late7e9c.css]
[rosengroup.ca/fr/wp-json/wp/v2/pages/383.json]
[rosengroup.ca/fr/wp-json/oembed/1.0/embed7a98.json]
[rosengroup.ca/fr/wp-json/oembed/1.0/embed3cf7]
[rosengroup.ca/fr/dental-professionals/index.html]
[rosengroup.ca/wp-content/et-cache/383/et-core-unified-tb-20-tb-46-deferred-383.min94fc.css]
[rosengroup.ca/wp-content/et-cache/458/et-divi-dynamic-tb-20-tb-46-458-lateef6a.css]
[rosengroup.ca/fr/wp-json/wp/v2/pages/458.json]
[rosengroup.ca/fr/wp-json/oembed/1.0/embedabdf.json]
[rosengroup.ca/fr/wp-json/oembed/1.0/embeda0b4]
[rosengroup.ca/wp-content/et-cache/458/et-core-unified-tb-20-tb-46-deferred-458.minef6a.css]
[rosengroup.ca/wp-content/uploads/2024/09/your-family_wealth-management_fr-1.png]
[rosengroup.ca/fr/wealthy-families/index.html]
[rosengroup.ca/fr/wp-json/wp/v2/pages/3132.json]
[rosengroup.ca/fr/wp-json/oembed/1.0/embede48b.json]
[rosengroup.ca/fr/client-contact-us/index.html]
[rosengroup.ca/fr/wp-json/oembed/1.0/embed3f58]
[rosengroup.ca/fr/wp-json/wp/v2/pages/10177.json]
[rosengroup.ca/fr/wp-json/oembed/1.0/embed1b7b.json]
[rosengroup.ca/fr/wp-json/oembed/1.0/embed6a64]
[rosengroup.ca/wp-content/uploads/2024/09/RJ_Correspondent_Services_Blue_fr_Jan2017.jpg]
[rosengroup.ca/fr/our-custodian/index.html]
[rosengroup.ca/wp-content/et-cache/289/et-divi-dynamic-tb-20-tb-46-289-late2dfd.css]
[rosengroup.ca/fr/wp-json/wp/v2/pages/289.json]
[rosengroup.ca/fr/wp-json/oembed/1.0/embedf359.json]
[rosengroup.ca/fr/wp-json/oembed/1.0/embed4517]
[rosengroup.ca/fr/team/index.html]
[rosengroup.ca/wp-content/et-cache/289/et-core-unified-tb-20-tb-46-deferred-289.min2dfd.css]
[rosengroup.ca/wp-content/et-cache/1344/et-divi-dynamic-tb-20-tb-46-1344-late2dfd.css]
[rosengroup.ca/fr/wp-json/wp/v2/pages/1344.json]
[rosengroup.ca/fr/team/lewis-rosen/index.html]
[rosengroup.ca/fr/team/christine-cao/index.html]
[rosengroup.ca/fr/team/andrew-stulberg/index.html]
[rosengroup.ca/fr/wp-json/oembed/1.0/embeddf7b.json]
[rosengroup.ca/fr/team/philippe-capelle/index.html]
[rosengroup.ca/fr/wp-json/oembed/1.0/embed0afc]
[rosengroup.ca/fr/team/trevor-parry/index.html]
[rosengroup.ca/fr/team/rosie-leblanc/index.html]
[rosengroup.ca/fr/team/thanh-truong/index.html]
[rosengroup.ca/fr/client-advisory-board/index.html]
[rosengroup.ca/wp-content/et-cache/1344/et-core-unified-tb-20-tb-46-deferred-1344.min2dfd.css]
[rosengroup.ca/fr/team/deborah-tone/index.html]
[rosengroup.ca/wp-content/et-cache/800/et-divi-dynamic-tb-20-tb-46-800-late2dfd.css]
[rosengroup.ca/fr/team/sarah-rosenberg/index.html]
[rosengroup.ca/fr/team/frank-rosen/index.html]
[rosengroup.ca/fr/wp-json/wp/v2/pages/800.json]
[rosengroup.ca/fr/wp-json/oembed/1.0/embedc07a.json]
[rosengroup.ca/fr/wp-json/oembed/1.0/embedae62]
[rosengroup.ca/fr/services/index.html]
[rosengroup.ca/wp-content/et-cache/800/et-core-unified-tb-20-tb-46-deferred-800.min3c14.css]
[rosengroup.ca/wp-content/et-cache/427/et-divi-dynamic-tb-20-tb-46-427-late3c14.css]
[rosengroup.ca/fr/wp-json/wp/v2/pages/427.json]
[rosengroup.ca/fr/wp-json/oembed/1.0/embedc089.json]
[rosengroup.ca/fr/wp-json/oembed/1.0/embede6be]
[rosengroup.ca/fr/our-process/index.html]
[rosengroup.ca/wp-content/et-cache/427/et-core-unified-tb-20-tb-46-deferred-427.min3c14.css]
[rosengroup.ca/wp-content/et-cache/10328/et-divi-dynamic-tb-20-tb-46-10328-latefbeb.css]
[rosengroup.ca/fr/wp-json/wp/v2/pages/10328.json]
[rosengroup.ca/fr/wp-json/oembed/1.0/embeda8ab.json]
[rosengroup.ca/fr/wp-json/oembed/1.0/embedd6ad]
[rosengroup.ca/fr/strength-and-security/index.html]
[rosengroup.ca/wp-content/et-cache/10328/et-core-unified-tb-20-tb-46-deferred-10328.minfbeb.css]
[rosengroup.ca/wp-content/et-cache/435/et-divi-dynamic-tb-20-tb-46-435-latefbeb.css]
[rosengroup.ca/fr/wp-json/wp/v2/pages/435.json]
[rosengroup.ca/fr/wp-json/oembed/1.0/embed3a87.json]
[rosengroup.ca/fr/wp-json/oembed/1.0/embed6da9]
[rosengroup.ca/fr/bill-of-rights/index.html]
[rosengroup.ca/wp-content/et-cache/435/et-core-unified-tb-20-tb-46-deferred-435.minfbeb.css]
[rosengroup.ca/fr/wp-json/wp/v2/pages/527.json]
[rosengroup.ca/fr/wp-json/oembed/1.0/embed4071.json]
[rosengroup.ca/fr/events/index.html]
[rosengroup.ca/fr/wp-json/oembed/1.0/embedec68]
[rosengroup.ca/wp-content/et-cache/233/et-divi-dynamic-tb-20-tb-46-233-late6c02.css]
[rosengroup.ca/fr/book-a-meeting/yorkville-non-clients/index.html]
[rosengroup.ca/fr/book-a-meeting/oakville-non-clients/index.html]
[rosengroup.ca/fr/wp-json/wp/v2/pages/233.json]
[rosengroup.ca/fr/book-a-meeting/pointe-claire-non-clients/index.html]
[rosengroup.ca/fr/wp-json/oembed/1.0/embed3c9e.json]
[rosengroup.ca/fr/wp-json/oembed/1.0/embed8a42]
[rosengroup.ca/fr/media-news/index.html]
[rosengroup.ca/wp-content/et-cache/233/et-core-unified-tb-20-tb-46-deferred-233.mindd58.css]
[rosengroup.ca/wp-content/et-cache/419/et-divi-dynamic-tb-20-tb-46-419-late5ef1.css]
[rosengroup.ca/fr/wp-json/wp/v2/pages/419.json]
[rosengroup.ca/fr/wp-json/oembed/1.0/embed7300.json]
[rosengroup.ca/fr/wp-json/oembed/1.0/embedfc4f]
[rosengroup.ca/fr/client-referrals/index.html]
[rosengroup.ca/wp-content/et-cache/419/et-core-unified-tb-20-tb-46-deferred-419.min5ef1.css]
[rosengroup.ca/wp-content/et-cache/3528/et-divi-dynamic-tb-20-tb-46-3528-latedd58.css]
[rosengroup.ca/fr/wp-json/wp/v2/pages/3528.json]
[rosengroup.ca/fr/wp-json/oembed/1.0/embed323b.json]
[rosengroup.ca/fr/wp-json/oembed/1.0/embeda97d]
[rosengroup.ca/wp-content/et-cache/3528/et-core-unified-tb-20-tb-46-deferred-3528.mindd58.css]
[rosengroup.ca/wp-content/uploads/2024/09/How_to_Sign_up_for_Online_Access_FR.pdf]
[rosengroup.ca/fr/frequently-asked-questions/index.html]
[rosengroup.ca/fr/wp-json/wp/v2/pages/587.json]
[rosengroup.ca/fr/wp-json/oembed/1.0/embed6608.json]
[rosengroup.ca/fr/book-a-meeting/index.html]
[rosengroup.ca/fr/wp-json/oembed/1.0/embed1d94]
[rosengroup.ca/wp-content/et-cache/443/et-divi-dynamic-tb-20-tb-46-443-lateb544.css]
[rosengroup.ca/fr/book-a-meeting/yorkville-clients/index.html]
[rosengroup.ca/fr/book-a-meeting/oakville-clients/index.html]
[rosengroup.ca/fr/wp-json/wp/v2/pages/443.json]
[rosengroup.ca/fr/wp-json/oembed/1.0/embedbea2.json]
[rosengroup.ca/fr/book-a-meeting/pointe-claire-clients/index.html]
[rosengroup.ca/fr/wp-json/oembed/1.0/embeddfb9]
[rosengroup.ca/fr/disclaimers/index.html]
[rosengroup.ca/fr/Lorem ipsum dolor sit amet, consectetur adipiscing elit. Praesent ornare, orci sit amet accumsan ornare, metus diam varius sem/index.html]
[rosengroup.ca/index81ca.html]
[rosengroup.ca/about-us/Lorem ipsum dolor sit amet, consectetur adipiscing elit.html]
[rosengroup.ca/wp-content/et-cache/388/et-divi-dynamic-tb-20-tb-46-388-late0f77.css]
[rosengroup.ca/index42a9.html]
[rosengroup.ca/wp-content/et-cache/388/et-core-unified-tb-20-tb-46-deferred-388.min0f77.css]
[rosengroup.ca/contact-us/Lorem ipsum dolor sit amet, consectetur adipiscing elit.html]
[rosengroup.ca/indexd027.html]
[rosengroup.ca/our-clients/Lorem ipsum dolor sit amet, consectetur adipiscing elit.html]
[rosengroup.ca/wp-content/et-cache/443/et-core-unified-tb-20-tb-46-deferred-443.minb544.css]
[rosengroup.ca/wp-content/themes/Divi/includes/builder/styles/images/subscribe-loader.gif]
[rosengroup.ca/wp-content/et-cache/377/et-divi-dynamic-tb-20-tb-46-3777e9c.css]
[rosengroup.ca/indexa7ab.html]
[rosengroup.ca/doctors/Lorem ipsum dolor sit amet, consectetur adipiscing elit.html]
[rosengroup.ca/wp-content/et-cache/383/et-divi-dynamic-tb-20-tb-46-3837e9c.css]
[rosengroup.ca/index3f97.html]
[rosengroup.ca/dental-professionals/Lorem ipsum dolor sit amet, consectetur adipiscing elit.html]
[rosengroup.ca/indexf7f8.html]
[rosengroup.ca/wealthy-families/Lorem ipsum dolor sit amet, consectetur adipiscing elit.html]
[rosengroup.ca/wp-content/et-cache/3132/et-divi-dynamic-tb-20-tb-46-3132-latebc84.css]
[rosengroup.ca/index3765.html]
[rosengroup.ca/wp-content/et-cache/3132/et-core-unified-tb-20-tb-46-deferred-3132.minbc84.css]
[rosengroup.ca/client-contact-us/Lorem ipsum dolor sit amet, consectetur adipiscing elit.html]
[rosengroup.ca/wp-content/et-cache/10177/et-divi-dynamic-tb-20-tb-46-10177-late8f4c.css]
[rosengroup.ca/indexa65d.html]
[rosengroup.ca/wp-content/et-cache/10177/et-core-unified-tb-20-tb-46-deferred-10177.min8f4c.css]
[rosengroup.ca/our-custodian/Lorem ipsum dolor sit amet, consectetur adipiscing elit.html]
[rosengroup.ca/index8902.html]
[rosengroup.ca/wp-json/wp/v2/pages/304.json]
[rosengroup.ca/wp-json/oembed/1.0/embedb364.json]
[rosengroup.ca/wp-json/oembed/1.0/embed5671]
[rosengroup.ca/wp-content/uploads/2021/10/lewis-rosen_headshot_trans.png]
[rosengroup.ca/wp-content/uploads/2022/03/lewis-rosen_qr-code_new.png]
[rosengroup.ca/team/lewis-rosen/Lorem ipsum dolor sit amet, consectetur adipiscing elit. Praesent ornare, orci sit amet accumsan ornare, metus diam varius sem]
[rosengroup.ca/wp-content/uploads/2021/09/financial-charts-background.jpg]
[rosengroup.ca/team/lewis-rosen/index.html]
[rosengroup.ca/wp-json/wp/v2/pages/348.json]
[rosengroup.ca/wp-json/oembed/1.0/embedc852.json]
[rosengroup.ca/wp-json/oembed/1.0/embed6a1c]
[rosengroup.ca/wp-content/uploads/2021/10/christine-cao_2.png]
[rosengroup.ca/wp-content/uploads/2022/03/christine-cao_qr-code.png]
[rosengroup.ca/team/christine-cao/Lorem ipsum dolor sit amet, consectetur adipiscing elit. Praesent ornare, orci sit amet accumsan ornare, metus diam varius sem]
[rosengroup.ca/team/christine-cao/index.html]
[rosengroup.ca/wp-json/wp/v2/pages/349.json]
[rosengroup.ca/wp-json/oembed/1.0/embed5e1a.json]
[rosengroup.ca/wp-json/oembed/1.0/embed9b57]
[rosengroup.ca/wp-content/uploads/2021/10/andrew-stulberg.png]
[rosengroup.ca/wp-content/uploads/2022/03/andrew-stulberg_qr-code.png]
[rosengroup.ca/team/andrew-stulberg/Lorem ipsum dolor sit amet, consectetur adipiscing elit. Praesent ornare, orci sit amet accumsan ornare, metus diam varius sem]
[rosengroup.ca/team/andrew-stulberg/index.html]
[rosengroup.ca/wp-json/wp/v2/pages/9596.json]
[rosengroup.ca/wp-json/oembed/1.0/embed42a7.json]
[rosengroup.ca/wp-json/oembed/1.0/embed5c7b]
[rosengroup.ca/wp-content/uploads/2024/11/Philippe-Capelle_headshot_4.png]
[rosengroup.ca/wp-content/uploads/2024/11/philippe-capelle_qr-code.png]
[rosengroup.ca/team/philippe-capelle/Lorem ipsum dolor sit amet, consectetur adipiscing elit. Praesent ornare, orci sit amet accumsan ornare, metus diam varius sem]
[rosengroup.ca/team/philippe-capelle/index.html]
[rosengroup.ca/wp-json/wp/v2/pages/347.json]
[rosengroup.ca/wp-json/oembed/1.0/embedb099.json]
[rosengroup.ca/wp-json/oembed/1.0/embedb6da]
[rosengroup.ca/wp-content/uploads/2021/10/trevor-parry_headshot.png]
[rosengroup.ca/wp-content/uploads/2022/03/trevor-parry_qr-code.png]
[rosengroup.ca/team/trevor-parry/Lorem ipsum dolor sit amet, consectetur adipiscing elit. Praesent ornare, orci sit amet accumsan ornare, metus diam varius sem]
[rosengroup.ca/team/trevor-parry/index.html]
[rosengroup.ca/wp-json/wp/v2/pages/350.json]
[rosengroup.ca/wp-json/oembed/1.0/embed8500.json]
[rosengroup.ca/wp-json/oembed/1.0/embedbb9b]
[rosengroup.ca/wp-content/uploads/2022/03/rosie-leblanc_qr-code.png]
[rosengroup.ca/team/rosie-leblanc/Lorem ipsum dolor sit amet, consectetur adipiscing elit. Praesent ornare, orci sit amet accumsan ornare, metus diam varius sem]
[rosengroup.ca/team/rosie-leblanc/index.html]
[rosengroup.ca/wp-json/wp/v2/pages/351.json]
[rosengroup.ca/wp-json/oembed/1.0/embed2432.json]
[rosengroup.ca/wp-json/oembed/1.0/embed0920]
[rosengroup.ca/wp-content/uploads/2021/10/thanh-truong.png]
[rosengroup.ca/wp-content/uploads/2022/03/thanh-truong_qr-code.png]
[rosengroup.ca/team/thanh-truong/Lorem ipsum dolor sit amet, consectetur adipiscing elit. Praesent ornare, orci sit amet accumsan ornare, metus diam varius sem]
[rosengroup.ca/team/thanh-truong/index.html]
[rosengroup.ca/wp-json/wp/v2/pages/7391.json]
[rosengroup.ca/wp-json/oembed/1.0/embed90dc.json]
[rosengroup.ca/wp-json/oembed/1.0/embed0d36]
[rosengroup.ca/wp-content/uploads/2024/07/deborah-tone_qr-code.png]
[rosengroup.ca/team/deborah-tone/Lorem ipsum dolor sit amet, consectetur adipiscing elit. Praesent ornare, orci sit amet accumsan ornare, metus diam varius sem]
[rosengroup.ca/team/deborah-tone/index.html]
[rosengroup.ca/wp-json/wp/v2/pages/352.json]
[rosengroup.ca/wp-json/oembed/1.0/embed8334.json]
[rosengroup.ca/wp-json/oembed/1.0/embedd08b]
[rosengroup.ca/wp-content/uploads/2021/10/frank-rosen.png]
[rosengroup.ca/wp-content/uploads/2022/03/frank-rosen_qr-code.png]
[rosengroup.ca/team/frank-rosen/Lorem ipsum dolor sit amet, consectetur adipiscing elit. Praesent ornare, orci sit amet accumsan ornare, metus diam varius sem]
[rosengroup.ca/team/frank-rosen/index.html]
[rosengroup.ca/wp-json/wp/v2/pages/7218.json]
[rosengroup.ca/wp-json/oembed/1.0/embed8d98.json]
[rosengroup.ca/wp-json/oembed/1.0/embed2351]
[rosengroup.ca/wp-content/uploads/2024/06/Sarah-Rosenberg_headshot.png]
[rosengroup.ca/wp-content/uploads/2024/06/Sarah-Rosenberg_qr.png]
[rosengroup.ca/team/sarah-rosenberg/Lorem ipsum dolor sit amet, consectetur adipiscing elit. Praesent ornare, orci sit amet accumsan ornare, metus diam varius sem]
[rosengroup.ca/team/sarah-rosenberg/index.html]
[rosengroup.ca/team/Lorem ipsum dolor sit amet, consectetur adipiscing elit.html]
[rosengroup.ca/indexc918.html]
[rosengroup.ca/client-advisory-board/Lorem ipsum dolor sit amet, consectetur adipiscing elit.html]
[rosengroup.ca/wp-content/et-cache/800/et-divi-dynamic-tb-20-tb-46-8002dfd.css]
[rosengroup.ca/indexcb2d.html]
[rosengroup.ca/services/Lorem ipsum dolor sit amet, consectetur adipiscing elit.html]
[rosengroup.ca/indexa942.html]
[rosengroup.ca/our-process/Lorem ipsum dolor sit amet, consectetur adipiscing elit.html]
[rosengroup.ca/indexb982.html]
[rosengroup.ca/strength-and-security/Lorem ipsum dolor sit amet, consectetur adipiscing elit.html]
[rosengroup.ca/index6205.html]
[rosengroup.ca/bill-of-rights/Lorem ipsum dolor sit amet, consectetur adipiscing elit.html]
[rosengroup.ca/wp-content/plugins/wpforms/assets/pro/css/integrations/divi/dropzone.min7404.css]
[rosengroup.ca/wp-content/plugins/wpforms-surveys-polls/assets/css/wpforms-surveys-polls.mine57b.css]
[rosengroup.ca/wp-content/plugins/wpforms-surveys-polls/assets/images/check.svg]
[rosengroup.ca/wp-content/plugins/wpforms-save-resume/assets/css/wpforms-save-resume.min4d85.css]
[rosengroup.ca/wp-content/plugins/wpforms/assets/css/frontend/modern/wpforms-full.min5d24.css]
[rosengroup.ca/wp-content/plugins/wpforms/assets/pro/css/frontend/modern/wpforms-full.min5d24.css]
[rosengroup.ca/wp-content/et-cache/527/et-divi-dynamic-tb-20-tb-46-527-late8efd.css]
[rosengroup.ca/wp-content/et-cache/527/et-divi-dynamic-tb-20-tb-46-5278efd.css]
[rosengroup.ca/index9a9b.html]
[rosengroup.ca/wp-content/et-cache/527/et-core-unified-tb-20-tb-46-deferred-527.minb156.css]
[rosengroup.ca/wp-content/plugins/wpforms/assets/images/submit-spin.svg]
[rosengroup.ca/wp-content/plugins/wpforms-save-resume/assets/images/files-o.svg]
[rosengroup.ca/wp-json/wp/v2/pages/614.json]
[rosengroup.ca/wp-json/oembed/1.0/embed2954.json]
[rosengroup.ca/wp-json/oembed/1.0/embed245a]
[assets.calendly.com/assets/external/widget.js]
[rosengroup.ca/book-a-meeting/yorkville-non-clients/Lorem ipsum dolor sit amet, consectetur adipiscing elit. Praesent ornare, orci sit amet accumsan ornare, metus diam varius sem]
[rosengroup.ca/book-a-meeting/yorkville-non-clients/index.html]
[rosengroup.ca/wp-json/wp/v2/pages/10292.json]
[rosengroup.ca/wp-json/oembed/1.0/embedf0f4.json]
[rosengroup.ca/wp-json/oembed/1.0/embed704b]
[rosengroup.ca/book-a-meeting/oakville-non-clients/Lorem ipsum dolor sit amet, consectetur adipiscing elit. Praesent ornare, orci sit amet accumsan ornare, metus diam varius sem]
[rosengroup.ca/book-a-meeting/oakville-non-clients/index.html]
[rosengroup.ca/wp-json/wp/v2/pages/604.json]
[rosengroup.ca/wp-json/oembed/1.0/embed932e.json]
[rosengroup.ca/wp-json/oembed/1.0/embedef07]
[rosengroup.ca/book-a-meeting/pointe-claire-non-clients/Lorem ipsum dolor sit amet, consectetur adipiscing elit. Praesent ornare, orci sit amet accumsan ornare, metus diam varius sem]
[rosengroup.ca/book-a-meeting/pointe-claire-non-clients/index.html]
[rosengroup.ca/events/Lorem ipsum dolor sit amet, consectetur adipiscing elit.html]
[rosengroup.ca/wp-content/plugins/wpforms/assets/pro/css/fields/layout.min5d24.css]
[rosengroup.ca/wp-content/plugins/wpforms/assets/pro/css/fields/layout-screen-big.min5d24.css]
[rosengroup.ca/wp-content/plugins/wpforms/assets/pro/css/fields/layout-screen-small.min5d24.css]
[rosengroup.ca/wp-content/et-cache/233/et-divi-dynamic-tb-20-tb-46-2336c02.css]
[rosengroup.ca/index85b0.html]
[rosengroup.ca/media-news/Lorem ipsum dolor sit amet, consectetur adipiscing elit.html]
[rosengroup.ca/indexbdfa.html]
[rosengroup.ca/client-referrals/Lorem ipsum dolor sit amet, consectetur adipiscing elit.html]
[rosengroup.ca/indexe050.html]
[rosengroup.ca/cdn-cgi/l/email-protection.html]
[rosengroup.ca/frequently-asked-questions/Lorem ipsum dolor sit amet, consectetur adipiscing elit.html]
[rosengroup.ca/wp-content/et-cache/587/et-divi-dynamic-tb-20-tb-46-587-late056a.css]
[rosengroup.ca/index4c2b.html]
[rosengroup.ca/wp-content/et-cache/587/et-core-unified-tb-20-tb-46-deferred-587.min056a.css]
[rosengroup.ca/wp-json/wp/v2/pages/613.json]
[rosengroup.ca/wp-json/oembed/1.0/embed41b1.json]
[rosengroup.ca/wp-json/oembed/1.0/embed45c0]
[rosengroup.ca/book-a-meeting/yorkville-clients/Lorem ipsum dolor sit amet, consectetur adipiscing elit. Praesent ornare, orci sit amet accumsan ornare, metus diam varius sem]
[rosengroup.ca/book-a-meeting/yorkville-clients/index.html]
[rosengroup.ca/wp-json/wp/v2/pages/10216.json]
[rosengroup.ca/wp-json/oembed/1.0/embed4224.json]
[rosengroup.ca/wp-json/oembed/1.0/embed22f9]
[rosengroup.ca/book-a-meeting/oakville-clients/Lorem ipsum dolor sit amet, consectetur adipiscing elit. Praesent ornare, orci sit amet accumsan ornare, metus diam varius sem]
[rosengroup.ca/book-a-meeting/oakville-clients/index.html]
[rosengroup.ca/wp-json/wp/v2/pages/600.json]
[rosengroup.ca/wp-json/oembed/1.0/embed72b1.json]
[rosengroup.ca/wp-json/oembed/1.0/embedea17]
[rosengroup.ca/book-a-meeting/pointe-claire-clients/Lorem ipsum dolor sit amet, consectetur adipiscing elit. Praesent ornare, orci sit amet accumsan ornare, metus diam varius sem]
[rosengroup.ca/book-a-meeting/pointe-claire-clients/index.html]
[rosengroup.ca/book-a-meeting/Lorem ipsum dolor sit amet, consectetur adipiscing elit.html]
[rosengroup.ca/indexe0b1.html]
[rosengroup.ca/disclaimers/Lorem ipsum dolor sit amet, consectetur adipiscing elit.html]
[rosengroup.ca/wp-includes/js/mediaelement/mejs-controls.svg]
[rosengroup.ca/wp-content/et-cache/10287/et-divi-dynamic-tb-20-tb-46-10287-late8673.css]
[rosengroup.ca/fr/index81ca.html]
[rosengroup.ca/wp-content/et-cache/10287/et-core-unified-tb-20-tb-46-deferred-10287.min8673.css]
[rosengroup.ca/fr/index42a9.html]
[rosengroup.ca/wp-content/et-cache/223/et-divi-dynamic-tb-20-tb-46-223-late8673.css]
[rosengroup.ca/fr/indexd027.html]
[rosengroup.ca/wp-content/et-cache/223/et-core-unified-tb-20-tb-46-deferred-223.min8673.css]
[rosengroup.ca/wp-content/et-cache/377/et-divi-dynamic-tb-20-tb-46-377-late7e9c.css]
[rosengroup.ca/fr/indexa7ab.html]
[rosengroup.ca/wp-content/et-cache/377/et-core-unified-tb-20-tb-46-deferred-377.min94fc.css]
[rosengroup.ca/wp-content/et-cache/383/et-divi-dynamic-tb-20-tb-46-383-late7e9c.css]
[rosengroup.ca/fr/index3f97.html]
[rosengroup.ca/wp-content/et-cache/383/et-core-unified-tb-20-tb-46-deferred-383.min94fc.css]
[rosengroup.ca/wp-content/et-cache/458/et-divi-dynamic-tb-20-tb-46-458-lateef6a.css]
[rosengroup.ca/fr/indexf7f8.html]
[rosengroup.ca/wp-content/et-cache/458/et-core-unified-tb-20-tb-46-deferred-458.minef6a.css]
[rosengroup.ca/fr/index3765.html]
[rosengroup.ca/fr/indexa65d.html]
[rosengroup.ca/wp-content/et-cache/289/et-divi-dynamic-tb-20-tb-46-289-late2dfd.css]
[rosengroup.ca/fr/index8902.html]
[rosengroup.ca/wp-content/et-cache/289/et-core-unified-tb-20-tb-46-deferred-289.min2dfd.css]
[rosengroup.ca/wp-content/et-cache/304/et-divi-dynamic-tb-20-tb-46-304-latea905.css]
[rosengroup.ca/fr/wp-json/wp/v2/pages/304.json]
[rosengroup.ca/fr/wp-json/oembed/1.0/embedeb37.json]
[rosengroup.ca/fr/wp-json/oembed/1.0/embed21d2]
[rosengroup.ca/fr/team/lewis-rosen/index.html]
[rosengroup.ca/wp-content/et-cache/304/et-core-unified-tb-20-tb-46-deferred-304.mina905.css]
[rosengroup.ca/wp-content/et-cache/348/et-divi-dynamic-tb-20-tb-46-348-latea905.css]
[rosengroup.ca/fr/wp-json/wp/v2/pages/348.json]
[rosengroup.ca/fr/wp-json/oembed/1.0/embedf576.json]
[rosengroup.ca/fr/wp-json/oembed/1.0/embed8bf0]
[rosengroup.ca/fr/team/christine-cao/index.html]
[rosengroup.ca/wp-content/et-cache/348/et-core-unified-tb-20-tb-46-deferred-348.mina905.css]
[rosengroup.ca/wp-content/et-cache/349/et-divi-dynamic-tb-20-tb-46-349-late6504.css]
[rosengroup.ca/fr/wp-json/wp/v2/pages/349.json]
[rosengroup.ca/fr/wp-json/oembed/1.0/embed704b.json]
[rosengroup.ca/fr/wp-json/oembed/1.0/embed5f3c]
[rosengroup.ca/fr/team/andrew-stulberg/index.html]
[rosengroup.ca/wp-content/et-cache/349/et-core-unified-tb-20-tb-46-deferred-349.min6504.css]
[rosengroup.ca/wp-content/et-cache/9596/et-divi-dynamic-tb-20-tb-46-9596-late257e.css]
[rosengroup.ca/fr/wp-json/wp/v2/pages/9596.json]
[rosengroup.ca/fr/wp-json/oembed/1.0/embed1c81.json]
[rosengroup.ca/fr/wp-json/oembed/1.0/embed130e]
[rosengroup.ca/fr/team/philippe-capelle/index.html]
[rosengroup.ca/wp-content/et-cache/9596/et-core-unified-tb-20-tb-46-deferred-9596.min257e.css]
[rosengroup.ca/wp-content/et-cache/347/et-divi-dynamic-tb-20-tb-46-347-late3680.css]
[rosengroup.ca/fr/wp-json/wp/v2/pages/347.json]
[rosengroup.ca/fr/wp-json/oembed/1.0/embed625c.json]
[rosengroup.ca/fr/wp-json/oembed/1.0/embed5c2f]
[rosengroup.ca/fr/team/trevor-parry/index.html]
[rosengroup.ca/wp-content/et-cache/347/et-core-unified-tb-20-tb-46-deferred-347.min3680.css]
[rosengroup.ca/wp-content/et-cache/350/et-divi-dynamic-tb-20-tb-46-350-late3680.css]
[rosengroup.ca/fr/wp-json/wp/v2/pages/350.json]
[rosengroup.ca/fr/wp-json/oembed/1.0/embed7c83.json]
[rosengroup.ca/fr/wp-json/oembed/1.0/embedc28e]
[rosengroup.ca/fr/team/rosie-leblanc/index.html]
[rosengroup.ca/wp-content/et-cache/350/et-core-unified-tb-20-tb-46-deferred-350.min3680.css]
[rosengroup.ca/wp-content/et-cache/351/et-divi-dynamic-tb-20-tb-46-351-latee734.css]
[rosengroup.ca/fr/wp-json/wp/v2/pages/351.json]
[rosengroup.ca/fr/wp-json/oembed/1.0/embedba7a.json]
[rosengroup.ca/fr/wp-json/oembed/1.0/embedf927]
[rosengroup.ca/fr/team/thanh-truong/index.html]
[rosengroup.ca/wp-content/et-cache/351/et-core-unified-tb-20-tb-46-deferred-351.mine734.css]
[rosengroup.ca/wp-content/et-cache/7391/et-divi-dynamic-tb-20-tb-46-7391-late26ec.css]
[rosengroup.ca/fr/wp-json/wp/v2/pages/7391.json]
[rosengroup.ca/fr/wp-json/oembed/1.0/embedc85d.json]
[rosengroup.ca/fr/wp-json/oembed/1.0/embedc9c5]
[rosengroup.ca/fr/team/deborah-tone/index.html]
[rosengroup.ca/wp-content/et-cache/7391/et-core-unified-tb-20-tb-46-deferred-7391.min26ec.css]
[rosengroup.ca/wp-content/et-cache/352/et-divi-dynamic-tb-20-tb-46-352-late26ec.css]
[rosengroup.ca/fr/wp-json/wp/v2/pages/352.json]
[rosengroup.ca/fr/wp-json/oembed/1.0/embed31f7.json]
[rosengroup.ca/fr/wp-json/oembed/1.0/embed821d]
[rosengroup.ca/fr/team/frank-rosen/index.html]
[rosengroup.ca/wp-content/et-cache/352/et-core-unified-tb-20-tb-46-deferred-352.min26ec.css]
[rosengroup.ca/wp-content/et-cache/7218/et-divi-dynamic-tb-20-tb-46-7218-late1e2c.css]
[rosengroup.ca/fr/wp-json/wp/v2/pages/7218.json]
[rosengroup.ca/fr/wp-json/oembed/1.0/embed9aff.json]
[rosengroup.ca/fr/wp-json/oembed/1.0/embed04ad]
[rosengroup.ca/fr/team/sarah-rosenberg/index.html]
[rosengroup.ca/wp-content/et-cache/1344/et-divi-dynamic-tb-20-tb-46-1344-late2dfd.css]
[rosengroup.ca/fr/indexc918.html]
[rosengroup.ca/wp-content/et-cache/1344/et-core-unified-tb-20-tb-46-deferred-1344.min2dfd.css]
[rosengroup.ca/wp-content/et-cache/800/et-divi-dynamic-tb-20-tb-46-800-late2dfd.css]
[rosengroup.ca/fr/indexcb2d.html]
[rosengroup.ca/wp-content/et-cache/800/et-core-unified-tb-20-tb-46-deferred-800.min3c14.css]
[rosengroup.ca/wp-content/et-cache/427/et-divi-dynamic-tb-20-tb-46-427-late3c14.css]
[rosengroup.ca/fr/indexa942.html]
[rosengroup.ca/wp-content/et-cache/427/et-core-unified-tb-20-tb-46-deferred-427.min3c14.css]
[rosengroup.ca/wp-content/et-cache/10328/et-divi-dynamic-tb-20-tb-46-10328-latefbeb.css]
[rosengroup.ca/fr/indexb982.html]
[rosengroup.ca/wp-content/et-cache/10328/et-core-unified-tb-20-tb-46-deferred-10328.minfbeb.css]
[rosengroup.ca/wp-content/et-cache/435/et-divi-dynamic-tb-20-tb-46-435-latefbeb.css]
[rosengroup.ca/fr/index6205.html]
[rosengroup.ca/wp-content/et-cache/435/et-core-unified-tb-20-tb-46-deferred-435.minfbeb.css]
[rosengroup.ca/fr/index9a9b.html]
[rosengroup.ca/wp-content/et-cache/7218/et-core-unified-tb-20-tb-46-deferred-7218.min1e2c.css]
[rosengroup.ca/wp-content/et-cache/614/et-divi-dynamic-tb-20-tb-46-614-late6cb6.css]
[rosengroup.ca/fr/wp-json/wp/v2/pages/614.json]
[rosengroup.ca/fr/wp-json/oembed/1.0/embed7029.json]
[rosengroup.ca/fr/wp-json/oembed/1.0/embed2cce]
[rosengroup.ca/fr/book-a-meeting/yorkville-non-clients/index.html]
[rosengroup.ca/wp-content/et-cache/614/et-core-unified-tb-20-tb-46-deferred-614.min6cb6.css]
[rosengroup.ca/wp-content/et-cache/10292/et-divi-dynamic-tb-20-tb-46-10292-late6cb6.css]
[rosengroup.ca/fr/wp-json/wp/v2/pages/10292.json]
[rosengroup.ca/fr/wp-json/oembed/1.0/embedc256.json]
[rosengroup.ca/fr/wp-json/oembed/1.0/embed5ab3]
[rosengroup.ca/fr/book-a-meeting/oakville-non-clients/index.html]
[rosengroup.ca/wp-content/et-cache/10292/et-core-unified-tb-20-tb-46-deferred-10292.min6cb6.css]
[rosengroup.ca/wp-content/et-cache/604/et-divi-dynamic-tb-20-tb-46-604-late6cb6.css]
[rosengroup.ca/fr/wp-json/wp/v2/pages/604.json]
[rosengroup.ca/fr/wp-json/oembed/1.0/embedac33.json]
[rosengroup.ca/fr/wp-json/oembed/1.0/embed18ab]
[rosengroup.ca/fr/book-a-meeting/pointe-claire-non-clients/index.html]
[rosengroup.ca/wp-content/et-cache/233/et-divi-dynamic-tb-20-tb-46-233-late6c02.css]
[rosengroup.ca/fr/index85b0.html]
[rosengroup.ca/wp-content/et-cache/233/et-core-unified-tb-20-tb-46-deferred-233.mindd58.css]
[rosengroup.ca/wp-content/et-cache/419/et-divi-dynamic-tb-20-tb-46-419-late5ef1.css]
[rosengroup.ca/fr/indexbdfa.html]
[rosengroup.ca/wp-content/et-cache/419/et-core-unified-tb-20-tb-46-deferred-419.min5ef1.css]
[rosengroup.ca/wp-content/et-cache/3528/et-divi-dynamic-tb-20-tb-46-3528-latedd58.css]
[rosengroup.ca/fr/indexe050.html]
[rosengroup.ca/wp-content/et-cache/3528/et-core-unified-tb-20-tb-46-deferred-3528.mindd58.css]
[rosengroup.ca/fr/index4c2b.html]
[rosengroup.ca/wp-content/et-cache/604/et-core-unified-tb-20-tb-46-deferred-604.min6cb6.css]
[rosengroup.ca/wp-content/et-cache/613/et-divi-dynamic-tb-20-tb-46-613-late1edc.css]
[rosengroup.ca/fr/wp-json/wp/v2/pages/613.json]
[rosengroup.ca/fr/wp-json/oembed/1.0/embede289.json]
[rosengroup.ca/fr/wp-json/oembed/1.0/embeda1d6]
[rosengroup.ca/fr/book-a-meeting/yorkville-clients/index.html]
[rosengroup.ca/wp-content/et-cache/613/et-core-unified-tb-20-tb-46-deferred-613.min1edc.css]
[rosengroup.ca/wp-content/et-cache/10216/et-divi-dynamic-tb-20-tb-46-10216-late1edc.css]
[rosengroup.ca/fr/wp-json/wp/v2/pages/10216.json]
[rosengroup.ca/fr/wp-json/oembed/1.0/embeda525.json]
[rosengroup.ca/fr/wp-json/oembed/1.0/embede24d]
[rosengroup.ca/fr/book-a-meeting/oakville-clients/index.html]
[rosengroup.ca/wp-content/et-cache/10216/et-core-unified-tb-20-tb-46-deferred-10216.min1edc.css]
[rosengroup.ca/wp-content/et-cache/600/et-divi-dynamic-tb-20-tb-46-600-late1edc.css]
[rosengroup.ca/fr/wp-json/wp/v2/pages/600.json]
[rosengroup.ca/fr/wp-json/oembed/1.0/embedfff7.json]
[rosengroup.ca/fr/wp-json/oembed/1.0/embedbb73]
[rosengroup.ca/fr/book-a-meeting/pointe-claire-clients/index.html]
[rosengroup.ca/wp-content/et-cache/443/et-divi-dynamic-tb-20-tb-46-443-lateb544.css]
[rosengroup.ca/fr/indexe0b1.html]
[rosengroup.ca/wp-content/et-cache/443/et-core-unified-tb-20-tb-46-deferred-443.minb544.css]
[rosengroup.ca/indexdd01.html]
[rosengroup.ca/team/lewis-rosen/Lorem ipsum dolor sit amet, consectetur adipiscing elit.html]
[rosengroup.ca/index2206.html]
[rosengroup.ca/team/christine-cao/Lorem ipsum dolor sit amet, consectetur adipiscing elit.html]
[rosengroup.ca/index601c.html]
[rosengroup.ca/team/andrew-stulberg/Lorem ipsum dolor sit amet, consectetur adipiscing elit.html]
[rosengroup.ca/index2b4f.html]
[rosengroup.ca/team/philippe-capelle/Lorem ipsum dolor sit amet, consectetur adipiscing elit.html]
[rosengroup.ca/index0974.html]
[rosengroup.ca/team/trevor-parry/Lorem ipsum dolor sit amet, consectetur adipiscing elit.html]
[rosengroup.ca/index8fbb.html]
[rosengroup.ca/team/rosie-leblanc/Lorem ipsum dolor sit amet, consectetur adipiscing elit.html]
[rosengroup.ca/indexec81.html]
[rosengroup.ca/team/thanh-truong/Lorem ipsum dolor sit amet, consectetur adipiscing elit.html]
[rosengroup.ca/index5ead.html]
[rosengroup.ca/team/deborah-tone/Lorem ipsum dolor sit amet, consectetur adipiscing elit.html]
[rosengroup.ca/index8fec.html]
[rosengroup.ca/team/frank-rosen/Lorem ipsum dolor sit amet, consectetur adipiscing elit.html]
[rosengroup.ca/index0924.html]
[rosengroup.ca/team/sarah-rosenberg/Lorem ipsum dolor sit amet, consectetur adipiscing elit.html]
[rosengroup.ca/wp-content/plugins/wpforms-surveys-polls/assets/images/check.svg]
[rosengroup.ca/wp-content/plugins/wpforms-save-resume/assets/images/files-o.svg]
[rosengroup.ca/index08c1.html]
[rosengroup.ca/book-a-meeting/yorkville-non-clients/Lorem ipsum dolor sit amet, consectetur adipiscing elit.html]
[rosengroup.ca/indexd69f.html]
[rosengroup.ca/book-a-meeting/oakville-non-clients/Lorem ipsum dolor sit amet, consectetur adipiscing elit.html]
[rosengroup.ca/index1d45.html]
[rosengroup.ca/book-a-meeting/pointe-claire-non-clients/Lorem ipsum dolor sit amet, consectetur adipiscing elit.html]
[rosengroup.ca/index44fb.html]
[rosengroup.ca/book-a-meeting/yorkville-clients/Lorem ipsum dolor sit amet, consectetur adipiscing elit.html]
[rosengroup.ca/index6bbf.html]
[rosengroup.ca/book-a-meeting/oakville-clients/Lorem ipsum dolor sit amet, consectetur adipiscing elit.html]
[rosengroup.ca/index2b8b.html]
[rosengroup.ca/book-a-meeting/pointe-claire-clients/Lorem ipsum dolor sit amet, consectetur adipiscing elit.html]
[rosengroup.ca/wp-content/et-cache/304/et-divi-dynamic-tb-20-tb-46-304-latea905.css]
[rosengroup.ca/fr/indexdd01.html]
[rosengroup.ca/wp-content/et-cache/304/et-core-unified-tb-20-tb-46-deferred-304.mina905.css]
[rosengroup.ca/wp-content/et-cache/348/et-divi-dynamic-tb-20-tb-46-348-latea905.css]
[rosengroup.ca/fr/index2206.html]
[rosengroup.ca/wp-content/et-cache/348/et-core-unified-tb-20-tb-46-deferred-348.mina905.css]
[rosengroup.ca/wp-content/et-cache/349/et-divi-dynamic-tb-20-tb-46-349-late6504.css]
[rosengroup.ca/fr/index601c.html]
[rosengroup.ca/wp-content/et-cache/349/et-core-unified-tb-20-tb-46-deferred-349.min6504.css]
[rosengroup.ca/wp-content/et-cache/9596/et-divi-dynamic-tb-20-tb-46-9596-late257e.css]
[rosengroup.ca/fr/index2b4f.html]
[rosengroup.ca/wp-content/et-cache/9596/et-core-unified-tb-20-tb-46-deferred-9596.min257e.css]
[rosengroup.ca/wp-content/et-cache/347/et-divi-dynamic-tb-20-tb-46-347-late3680.css]
[rosengroup.ca/fr/index0974.html]
[rosengroup.ca/wp-content/et-cache/347/et-core-unified-tb-20-tb-46-deferred-347.min3680.css]
[rosengroup.ca/wp-content/et-cache/350/et-divi-dynamic-tb-20-tb-46-350-late3680.css]
[rosengroup.ca/fr/index8fbb.html]
[rosengroup.ca/wp-content/et-cache/350/et-core-unified-tb-20-tb-46-deferred-350.min3680.css]
[rosengroup.ca/wp-content/et-cache/351/et-divi-dynamic-tb-20-tb-46-351-latee734.css]
[rosengroup.ca/fr/indexec81.html]
[rosengroup.ca/wp-content/et-cache/351/et-core-unified-tb-20-tb-46-deferred-351.mine734.css]
[rosengroup.ca/wp-content/et-cache/7391/et-divi-dynamic-tb-20-tb-46-7391-late26ec.css]
[rosengroup.ca/fr/index5ead.html]
[rosengroup.ca/wp-content/et-cache/7391/et-core-unified-tb-20-tb-46-deferred-7391.min26ec.css]
[rosengroup.ca/wp-content/et-cache/352/et-divi-dynamic-tb-20-tb-46-352-late26ec.css]
[rosengroup.ca/fr/index8fec.html]
[rosengroup.ca/wp-content/et-cache/352/et-core-unified-tb-20-tb-46-deferred-352.min26ec.css]
[rosengroup.ca/wp-content/et-cache/7218/et-divi-dynamic-tb-20-tb-46-7218-late1e2c.css]
[rosengroup.ca/fr/index0924.html]
[rosengroup.ca/wp-content/et-cache/7218/et-core-unified-tb-20-tb-46-deferred-7218.min1e2c.css]
[rosengroup.ca/wp-content/et-cache/614/et-divi-dynamic-tb-20-tb-46-614-late6cb6.css]
[rosengroup.ca/fr/index08c1.html]
[rosengroup.ca/wp-content/et-cache/614/et-core-unified-tb-20-tb-46-deferred-614.min6cb6.css]
[rosengroup.ca/wp-content/et-cache/10292/et-divi-dynamic-tb-20-tb-46-10292-late6cb6.css]
[rosengroup.ca/fr/indexd69f.html]
[rosengroup.ca/wp-content/et-cache/10292/et-core-unified-tb-20-tb-46-deferred-10292.min6cb6.css]
[rosengroup.ca/wp-content/et-cache/604/et-divi-dynamic-tb-20-tb-46-604-late6cb6.css]
[rosengroup.ca/fr/index1d45.html]
[rosengroup.ca/wp-content/et-cache/604/et-core-unified-tb-20-tb-46-deferred-604.min6cb6.css]
[rosengroup.ca/wp-content/et-cache/613/et-divi-dynamic-tb-20-tb-46-613-late1edc.css]
[rosengroup.ca/fr/index44fb.html]
[rosengroup.ca/wp-content/et-cache/613/et-core-unified-tb-20-tb-46-deferred-613.min1edc.css]
[rosengroup.ca/wp-content/et-cache/10216/et-divi-dynamic-tb-20-tb-46-10216-late1edc.css]
[rosengroup.ca/fr/index6bbf.html]
[rosengroup.ca/wp-content/et-cache/10216/et-core-unified-tb-20-tb-46-deferred-10216.min1edc.css]
[rosengroup.ca/wp-content/et-cache/600/et-divi-dynamic-tb-20-tb-46-600-late1edc.css]
[rosengroup.ca/wp-content/et-cache/600/et-core-unified-tb-20-tb-46-deferred-600.min1edc.css]
[rosengroup.ca/fr/index2b8b.html]
[rosengroup.ca/wp-content/et-cache/600/et-core-unified-tb-20-tb-46-deferred-600.min1edc.css]
